﻿[36mvite v5.4.21 [32mbuilding for production...[36m[39m
transforming...
[32mΓ£ô[39m 456 modules transformed.
node.exe : 
[31mx[39m Build 
failed in 1.89s
At line:1 char:1
+ & "C:\Program File
s\nodejs/node.exe" "
C:\Users\alokk\AppDa
ta\Roaming\ ...
+ ~~~~~~~~~~~~~~~~~~
~~~~~~~~~~~~~~~~~~~~
~~~~~~~~~~~~~~~~~~~~
~~~~~~~~~~~
    + CategoryInfo  
            : NotS  
  pecified: ([31   
 mx[39m Build f    
ailed in 1.89s:    
String) [], Rem    
oteException
    + FullyQualifie 
   dErrorId : Nati  
  veCommandError
 
[31merror during 
build:
[31msrc/components/
Skills.jsx (4:54): "
SiVisualstudiocode" 
is not exported by "
node_modules/react-i
cons/si/index.mjs", 
imported by "src/com
ponents/Skills.jsx".
[31m
file: 
[36mD:/project 01/p
ortfolio/src/compone
nts/Skills.jsx:4:54
[31m
[33m
2: import { motion 
} from 
'framer-motion';
3: import { 
FaHtml5, FaCss3Alt, 
FaJs, FaReact, 
FaNodeJs, FaPython, 
FaGithub } from 
'react-icons/fa';
4: import { 
SiTailwindcss, 
SiMongodb, 
SiExpress, SiVite, 
SiVisualstudiocode 
} from 
'react-icons/si';
                    
                    
                 ^
5: 
6: const Skills = 
() => {
[31m
    at 
getRollupError (file
:///D:/project%2001/
portfolio/node_modul
es/rollup/dist/es/sh
ared/parseAst.js:402
:41)
    at error (file:/
//D:/project%2001/po
rtfolio/node_modules
/rollup/dist/es/shar
ed/parseAst.js:398:4
2)
    at Module.error 
(file:///D:/project%
2001/portfolio/node_
modules/rollup/dist/
es/shared/node-entry
.js:17040:16)
    at Module.traceV
ariable (file:///D:/
project%2001/portfol
io/node_modules/roll
up/dist/es/shared/no
de-entry.js:17452:29
)
    at ModuleScope.f
indVariable (file://
/D:/project%2001/por
tfolio/node_modules/
rollup/dist/es/share
d/node-entry.js:1507
0:39)
    at ReturnValueSc
ope.findVariable (fi
le:///D:/project%200
1/portfolio/node_mod
ules/rollup/dist/es/
shared/node-entry.js
:5673:38)
    at FunctionBodyS
cope.findVariable (f
ile:///D:/project%20
01/portfolio/node_mo
dules/rollup/dist/es
/shared/node-entry.j
s:5673:38)
    at 
Identifier.bind (fil
e:///D:/project%2001
/portfolio/node_modu
les/rollup/dist/es/s
hared/node-entry.js:
5447:40)
    at 
CallExpression.bind 
(file:///D:/project%
2001/portfolio/node_
modules/rollup/dist/
es/shared/node-entry
.js:2825:28)
    at 
CallExpression.bind 
(file:///D:/project%
2001/portfolio/node_
modules/rollup/dist/
es/shared/node-entry
.js:12179:15)[39m
